// Jest Snapshot v1, https://goo.gl/fbAQLP

exports[`Pipe math functions 1`] = `39`;

exports[`Pipe string functions  1`] = `".tm ts rld msp mrL"`;

exports[`should behave... 1`] = `3`;
